{
  "original_cost": 1008,
  "final_cost": 806,
  "compression_ratio": 1.250620347394541,
  "num_abstractions": 1,
  "original": [
    "let $v1::int = 1 in (a $v1 $v1 $v1)",
    "let $v2::int = 0 in (b $v2 $v2 $v2)"
  ],
  "rewritten": [
    "let $v1::int = 1 in (fn_0 a $v1)",
    "let $v2::int = 0 in (fn_0 b $v2)"
  ],
  "rewritten_dreamcoder": null,
  "abstractions": [
    {
      "body": "(#0 #1 #1 #1)",
      "dreamcoder": "#(lambda (lambda ($1 $0 $0 $0)))",
      "arity": 2,
      "name": "fn_0",
      "utility": 199,
      "final_cost": 806,
      "compression_ratio": 1.250620347394541,
      "cumulative_compression_ratio": 1.250620347394541,
      "num_uses": 2,
      "rewritten": null,
      "rewritten_dreamcoder": null,
      "uses": [
        {
          "fn_0 a $v1": "(a $v1 $v1 $v1)"
        },
        {
          "fn_0 b $v2": "(b $v2 $v2 $v2)"
        }
      ],
      "dc_comparison_millis": null
    }
  ]
}
