{
  "original_cost": 2018,
  "final_cost": 1210,
  "compression_ratio": 1.6677685950413224,
  "num_abstractions": 1,
  "original": [
    "let $v1, $v2 = rev($inp0 = (cons $v1 $v2)) in let $v3 = Const(int, 1) in let $v4 = (repeat $v1 $v3) in (concat $inp0 $v4)",
    "let $v1, $v2 = rev($inp0 = (cons $v1 $v2)) in let $v3 = Const(int, 1) in let $v4 = (repeat $v1 $v3) in (concat $inp0 $v4)"
  ],
  "rewritten": [
    "let $v1, $v2 = rev($inp0 = (cons $v1 $v2)) in (fn_0 $inp0 $v1)",
    "let $v1, $v2 = rev($inp0 = (cons $v1 $v2)) in (fn_0 $inp0 $v1)"
  ],
  "rewritten_dreamcoder": null,
  "abstractions": [
    {
      "body": "(concat #0 (repeat #1 Const(int, 1)))",
      "dreamcoder": "#(lambda (lambda (concat $1 (repeat $0 Const(int, 1)))))",
      "arity": 2,
      "name": "fn_0",
      "utility": 504,
      "final_cost": 1210,
      "compression_ratio": 1.6677685950413224,
      "cumulative_compression_ratio": 1.6677685950413224,
      "num_uses": 2,
      "rewritten": null,
      "rewritten_dreamcoder": null,
      "uses": [
        {
          "fn_0 $inp0 $v1": "(concat $inp0 $v4)"
        }
      ],
      "dc_comparison_millis": null
    }
  ]
}
