{
  "original_cost": 4850,
  "final_cost": 4242,
  "compression_ratio": 1.1433286185761433,
  "num_abstractions": 1,
  "original": [
    "let $v1, $v2 = rev($inp0 = (cons $v1 $v2)) in let $v3, $v4 = rev($v1 = (rev_fix_param (- (abs $v3) $v4) $v3 (lam 0))) in let $v5, $v6 = rev($v3 = (rev_fix_param (- $v5 $v6) $v6 (lam 1))) in (cdr (concat (repeat $v3 1) (cons $v5 $v2)))",
    "let $v1, $v2 = rev($inp0 = (cons $v1 $v2)) in let $v3, $v4 = rev($v1 = (rev_fix_param (+ $v3 (abs $v4)) $v3 (lam 0))) in let $v5, $v6 = rev($v3 = (rev_fix_param (- $v5 $v6) $v6 (lam 1))) in (cdr (concat (repeat $v3 $v3) (cons $v5 $v2)))"
  ],
  "rewritten": [
    "let $v1, $v2 = rev($inp0 = (cons $v1 $v2)) in let $v3, $v4 = rev($v1 = (rev_fix_param (- (abs $v3) $v4) $v3 (lam 0))) in let $v5, $v6 = rev($v3 = (fn_0 $v5 $v6)) in (cdr (concat (repeat $v3 1) (cons $v5 $v2)))",
    "let $v1, $v2 = rev($inp0 = (cons $v1 $v2)) in let $v3, $v4 = rev($v1 = (rev_fix_param (+ $v3 (abs $v4)) $v3 (lam 0))) in let $v5, $v6 = rev($v3 = (fn_0 $v5 $v6)) in (cdr (concat (repeat $v3 $v3) (cons $v5 $v2)))"
  ],
  "rewritten_dreamcoder": null,
  "abstractions": [
    {
      "body": "(rev_fix_param (- #0 #1) #1 (lam 1))",
      "dreamcoder": "#(lambda (lambda (rev_fix_param (- $1 $0) $0 (lambda 1))))",
      "arity": 2,
      "name": "fn_0",
      "utility": 302,
      "final_cost": 4242,
      "compression_ratio": 1.1433286185761433,
      "cumulative_compression_ratio": 1.1433286185761433,
      "num_uses": 2,
      "rewritten": null,
      "rewritten_dreamcoder": null,
      "uses": [
        {
          "fn_0 $v5 $v6": "(rev_fix_param (- $v5 $v6) $v6 (lam 1))"
        }
      ],
      "dc_comparison_millis": null
    }
  ]
}
