{
  "original_cost": 4648,
  "final_cost": 3636,
  "compression_ratio": 1.2783278327832783,
  "num_abstractions": 1,
  "original": [
    "let $v1, $v2 = rev($inp0 = (cons $v1 $v2)) in let $v3, $v4 = rev($v1 = (rev_fix_param (- $v3 $v4) $v3 (lam 0))) in let $v5, $v6 = rev($v3 = (rev_fix_param (- $v5 $v6) $v6 (lam 1))) in (cdr (concat (repeat $v3 $v3) (cons $v5 $v2)))",
    "let $v1, $v2 = rev($inp0 = (cons $v1 $v2)) in let $v3, $v4 = rev($v1 = (rev_fix_param (- $v3 $v4) $v3 (lam 0))) in let $v5, $v6 = rev($v3 = (rev_fix_param (- $v5 $v6) $v6 (lam 1))) in (cdr (concat (repeat $v3 $v3) (cons $v5 $v2)))"
  ],
  "rewritten": [
    "let $v3, $v4, $v2 = rev($inp0 = (fn_0 $v3 $v4 $v2)) in let $v5, $v6 = rev($v3 = (rev_fix_param (- $v5 $v6) $v6 (lam 1))) in (cdr (concat (repeat $v3 $v3) (cons $v5 $v2)))",
    "let $v3, $v4, $v2 = rev($inp0 = (fn_0 $v3 $v4 $v2)) in let $v5, $v6 = rev($v3 = (rev_fix_param (- $v5 $v6) $v6 (lam 1))) in (cdr (concat (repeat $v3 $v3) (cons $v5 $v2)))"
  ],
  "rewritten_dreamcoder": null,
  "abstractions": [
    {
      "body": "(cons (rev_fix_param (- #0 #1) #0 (lam 0)) #2)",
      "dreamcoder": "#(lambda (lambda (lambda (cons (rev_fix_param (- $2 $1) $2 (lambda 0)) $0))))",
      "arity": 3,
      "name": "fn_0",
      "utility": 604,
      "final_cost": 3636,
      "compression_ratio": 1.2783278327832783,
      "cumulative_compression_ratio": 1.2783278327832783,
      "num_uses": 2,
      "rewritten": null,
      "rewritten_dreamcoder": null,
      "uses": [
        {
          "fn_0 $v3 $v4 $v2": "(cons $v1 $v2)"
        }
      ],
      "dc_comparison_millis": null
    }
  ]
}
