{
  "original_cost": 1412,
  "final_cost": 1412,
  "compression_ratio": 1.0,
  "num_abstractions": 0,
  "original": [
    "let $v1, $v2 = rev($inp0 = (concat $v1 $v2)) in (concat (reverse $v1) $v2)",
    "let $v1, $v2 = rev($inp0 = (concat $v1 $v2)) in (concat $v1 (reverse $v2))"
  ],
  "rewritten": [
    "let $v1, $v2 = rev($inp0 = (concat $v1 $v2)) in (concat (reverse $v1) $v2)",
    "let $v1, $v2 = rev($inp0 = (concat $v1 $v2)) in (concat $v1 (reverse $v2))"
  ],
  "rewritten_dreamcoder": null,
  "abstractions": []
}
