{
  "cmd": "/Users/andreyz4k/stitch/target/debug/deps/integration_tests-9c1937b1880e1dce simple21_a3_i1 --exact --show-output",
  "args": {
    "iterations": 3,
    "abstraction_prefix": "fn_",
    "previous_abstractions": 0,
    "shuffle": false,
    "truncate": null,
    "no_opt": false,
    "silent": false,
    "verbose_rewrite": false,
    "step": {
      "max_arity": 3,
      "threads": 1,
      "no_stats": false,
      "batch": 1,
      "dynamic_batch": false,
      "eta_long": true,
      "no_curried_metavars": false,
      "no_curried_bodies": false,
      "inv_candidates": 1,
      "hole_choice": "DepthFirst",
      "cost": {
        "cost_lam": 1,
        "cost_app": 1,
        "cost_var": 100,
        "cost_ivar": 100,
        "cost_prim_default": 100,
        "cost_nvar": 100,
        "cost_let": 1,
        "cost_revlet": 1
      },
      "no_mismatch_check": false,
      "follow": null,
      "follow_prune": false,
      "verbose_worklist": false,
      "verbose_best": false,
      "print_stats": 0,
      "show_rewritten": false,
      "rewritten_dreamcoder": false,
      "rewritten_intermediates": false,
      "inv_arg_cap": false,
      "allow_single_task": false,
      "no_opt_single_use": false,
      "no_opt_upper_bound": false,
      "no_opt_force_multiuse": false,
      "no_opt_useless_abstract": false,
      "no_opt_arity_zero": false,
      "no_other_util": false,
      "structure_penalty": 1.0,
      "rewrite_check": true,
      "utility_by_rewrite": true,
      "dreamcoder_comparison": false,
      "quiet": false,
      "fused_lambda_tags": {
        "tags": null
      }
    }
  },
  "original_cost": 4040,
  "final_cost": 2927,
  "compression_ratio": 1.3802528185855825,
  "num_abstractions": 2,
  "original": [
    "let $v1, $v2 = rev($inp0 = (rev_fix_param (rows_to_grid (concat $v1 $v2)) $v2 (lam Const(list(list(color)), Vector{Any}[])))) in $v1",
    "let $v1, $v2 = rev($inp0 = (rev_fix_param (rows_to_grid (concat $v1 $v2)) $v2 (lam Const(list(list(color)), Vector{Any}[])))) in $v1",
    "let $v1, $v2 = rev($inp0 = (rev_fix_param (rows_to_grid (concat $v1 $v2)) $v2 (lam empty))) in $v1",
    "let $v1, $v2 = rev($inp0 = (rev_fix_param (rows_to_grid (concat $v1 $v2)) $v2 (lam empty2))) in $v1",
    "let $v1, $v2 = rev($inp0 = (rev_fix_param (rows_to_grid (concat $v1 $v2)) $v2 (lam empty_list))) in $v1"
  ],
  "rewritten": [
    "let $v1, $v2 = rev($inp0 = (fn_0 $v1 $v2)) in $v1",
    "let $v1, $v2 = rev($inp0 = (fn_0 $v1 $v2)) in $v1",
    "let $v1, $v2 = rev($inp0 = (rev_fix_param (fn_1 $v1 $v2) $v2 (lam empty))) in $v1",
    "let $v1, $v2 = rev($inp0 = (rev_fix_param (fn_1 $v1 $v2) $v2 (lam empty2))) in $v1",
    "let $v1, $v2 = rev($inp0 = (rev_fix_param (fn_1 $v1 $v2) $v2 (lam empty_list))) in $v1"
  ],
  "rewritten_dreamcoder": null,
  "abstractions": [
    {
      "body": "(rev_fix_param (rows_to_grid (concat #0 #1)) #1 (lam Const(list(list(color)), Vector{Any}[])))",
      "dreamcoder": "#(lambda (lambda (rev_fix_param (rows_to_grid (concat $1 $0)) $0 (lambda Const(list(list(color)), Vector{Any}[])))))",
      "arity": 2,
      "name": "fn_0",
      "utility": 403,
      "final_cost": 3230,
      "compression_ratio": 1.2507739938080495,
      "cumulative_compression_ratio": 1.2507739938080495,
      "num_uses": 2,
      "rewritten": null,
      "rewritten_dreamcoder": null,
      "uses": [
        {
          "fn_0 $v1 $v2": "(rev_fix_param (rows_to_grid (concat $v1 $v2)) $v2 (lam Const(list(list(color)), Vector{Any}[])))"
        }
      ],
      "dc_comparison_millis": null
    },
    {
      "body": "(rows_to_grid (concat #0 #1))",
      "dreamcoder": "#(lambda (lambda (rows_to_grid (concat $1 $0))))",
      "arity": 2,
      "name": "fn_1",
      "utility": 100,
      "final_cost": 2927,
      "compression_ratio": 1.1035189613939187,
      "cumulative_compression_ratio": 1.3802528185855825,
      "num_uses": 3,
      "rewritten": null,
      "rewritten_dreamcoder": null,
      "uses": [
        {
          "fn_1 $v1 $v2": "(rows_to_grid (concat $v1 $v2))"
        }
      ],
      "dc_comparison_millis": null
    }
  ]
}