{
  "original_cost": 1816,
  "final_cost": 1412,
  "compression_ratio": 1.2861189801699717,
  "num_abstractions": 1,
  "original": [
    "let $v1 = rev($inp0 = (rows_to_grid $v1)) in let $v2 = rev($v1 = (reverse $v2)) in let $v3 = (concat $v1 $v2) in (rows_to_grid $v3)",
    "let $v1 = rev($inp0 = (rows_to_grid $v1)) in let $v2 = rev($v1 = (reverse $v2)) in let $v3 = (concat $v1 $v2) in (rows_to_grid $v3)"
  ],
  "rewritten": [
    "let $v1 = rev($inp0 = (rows_to_grid $v1)) in let $v2 = rev($v1 = (reverse $v2)) in (fn_0 $v1 $v2)",
    "let $v1 = rev($inp0 = (rows_to_grid $v1)) in let $v2 = rev($v1 = (reverse $v2)) in (fn_0 $v1 $v2)"
  ],
  "rewritten_dreamcoder": null,
  "abstractions": [
    {
      "body": "(rows_to_grid (concat #0 #1))",
      "dreamcoder": "#(lambda (lambda (rows_to_grid (concat $1 $0))))",
      "arity": 2,
      "name": "fn_0",
      "utility": 201,
      "final_cost": 1412,
      "compression_ratio": 1.2861189801699717,
      "cumulative_compression_ratio": 1.2861189801699717,
      "num_uses": 2,
      "rewritten": null,
      "rewritten_dreamcoder": null,
      "uses": [
        {
          "fn_0 $v1 $v2": "(rows_to_grid $v3)"
        }
      ],
      "dc_comparison_millis": null
    }
  ]
}
