{
  "original_cost": 1210,
  "final_cost": 1008,
  "compression_ratio": 1.2003968253968254,
  "num_abstractions": 1,
  "original": [
    "let $v1::int = 1 in let $v2::int = (+ $v1 $v1) in (a $v2)",
    "let $v1::int = 0 in let $v2::int = (+ $v1 $v1) in (b $v2)"
  ],
  "rewritten": [
    "let $v1::int = 1 in let $v2::int = (fn_0 $v1) in (a $v2)",
    "let $v1::int = 0 in let $v2::int = (fn_0 $v1) in (b $v2)"
  ],
  "rewritten_dreamcoder": null,
  "abstractions": [
    {
      "body": "(+ #0 #0)",
      "dreamcoder": "#(lambda (+ $0 $0))",
      "arity": 1,
      "name": "fn_0",
      "utility": 100,
      "final_cost": 1008,
      "compression_ratio": 1.2003968253968254,
      "cumulative_compression_ratio": 1.2003968253968254,
      "num_uses": 2,
      "rewritten": null,
      "rewritten_dreamcoder": null,
      "uses": [
        {
          "fn_0 $v1": "(+ $v1 $v1)"
        },
        {
          "fn_0 $v1": "(+ $v1 $v1)"
        }
      ],
      "dc_comparison_millis": null
    }
  ]
}
