{
  "original_cost": 4240,
  "final_cost": 2220,
  "compression_ratio": 1.90990990990991,
  "num_abstractions": 1,
  "original": [
    "let $v1, $v2 = rev($inp0 = (cons $v1 $v2)) in let $v3, $v4 = rev($v2 = (repeat $v3 $v4)) in let $v5 = (- $v1 $v3) in let $v6 = (- $v1 $v5) in let $v7 = (- $v1 $v6) in let $v8 = (- $v1 $v7) in (repeat $v8 $v1)",
    "let $v1, $v2 = rev($inp0 = (cons $v1 $v2)) in let $v3, $v4 = rev($v2 = (repeat $v3 $v4)) in let $v5 = (- $v1 $v3) in let $v6 = (- $v1 $v5) in let $v7 = (- $v1 $v6) in let $v8 = (- $v1 $v7) in (repeat $v8 $v1)"
  ],
  "rewritten": [
    "let $v1, $v2 = rev($inp0 = (cons $v1 $v2)) in let $v3, $v4 = rev($v2 = (repeat $v3 $v4)) in (fn_0 (- $v1) $v3 $v1)",
    "let $v1, $v2 = rev($inp0 = (cons $v1 $v2)) in let $v3, $v4 = rev($v2 = (repeat $v3 $v4)) in (fn_0 (- $v1) $v3 $v1)"
  ],
  "rewritten_dreamcoder": null,
  "abstractions": [
    {
      "body": "(repeat (#0 (#0 (#0 (#0 #1)))))",
      "dreamcoder": "#(lambda (lambda (repeat ($1 ($1 ($1 ($1 $0)))))))",
      "arity": 2,
      "name": "fn_0",
      "utility": 1915,
      "final_cost": 2220,
      "compression_ratio": 1.90990990990991,
      "cumulative_compression_ratio": 1.90990990990991,
      "num_uses": 2,
      "rewritten": null,
      "rewritten_dreamcoder": null,
      "uses": [
        {
          "fn_0 (- $v1) $v3": "(repeat $v8)"
        }
      ],
      "dc_comparison_millis": null
    }
  ]
}
