{
  "original_cost": 1412,
  "final_cost": 1210,
  "compression_ratio": 1.1669421487603306,
  "num_abstractions": 1,
  "original": [
    "let $v1::int = (+ 1 0) in (a $v1 $v1 $v1)",
    "let $v1::int = (+ 0 1) in (b $v1 $v1 $v1)"
  ],
  "rewritten": [
    "let $v1::int = (+ 1 0) in (fn_0 a $v1)",
    "let $v1::int = (+ 0 1) in (fn_0 b $v1)"
  ],
  "rewritten_dreamcoder": null,
  "abstractions": [
    {
      "body": "(#0 #1 #1 #1)",
      "dreamcoder": "#(lambda (lambda ($1 $0 $0 $0)))",
      "arity": 2,
      "name": "fn_0",
      "utility": 199,
      "final_cost": 1210,
      "compression_ratio": 1.1669421487603306,
      "cumulative_compression_ratio": 1.1669421487603306,
      "num_uses": 2,
      "rewritten": null,
      "rewritten_dreamcoder": null,
      "uses": [
        {
          "fn_0 a $v1": "(a $v1 $v1 $v1)"
        },
        {
          "fn_0 b $v1": "(b $v1 $v1 $v1)"
        }
      ],
      "dc_comparison_millis": null
    }
  ]
}
